Attempting to connect to SQL Server...
node.exe : 
(node:10548) 
[DEP0118] 
DeprecationWarning: 
The provided hostname 
"" is not a valid 
hostname, and is 
supported in the dns 
module solely for 
compatibility.
At line:1 char:1
+ & "C:\Program Files\
nodejs/node.exe" 
"C:\Program 
Files\nodejs/node_mo 
...
+ ~~~~~~~~~~~~~~~~~~~~
~~~~~~~~~~~~~~~~~~~~~~
~~~~~~~~~~~~~~~~~~~~~~
~~~~~
    + CategoryInfo    
          : NotSpeci  
  fied: ((node:1054   
 8) [D... compatib    
ility.:String) []    
, RemoteException
    + FullyQualifiedE 
   rrorId : NativeCo  
  mmandError
 
(Use `node 
--trace-deprecation 
...` to show where 
the warning was 
created)
Database query error: 
ConnectionError: 
Failed to connect to 
:1433 - Could not 
connect (sequence)
    at C:\Users\jramos
\Desktop\mold-change-d
ashboard motus\node_mo
dules\.pnpm\mssql@12.2
.0_@azure+core-client@
1.10.1\node_modules\ms
sql\lib\tedious\connec
tion-pool.js:85:17
    at Connection.err 
(C:\Users\jramos\Deskt
op\mold-change-dashboa
rd motus\node_modules\
.pnpm\tedious@19.2.1_@
azure+core-client@1.10
.1\node_modules\tediou
s\src\connection.ts:18
12:9)
    at 
Object.onceWrapper 
(node:events:623:26)
    at 
Connection.emit 
(node:events:508:28)
    at 
Connection.emit (C:\Us
ers\jramos\Desktop\mol
d-change-dashboard mot
us\node_modules\.pnpm\
tedious@19.2.1_@azure+
core-client@1.10.1\nod
e_modules\tedious\src\
connection.ts:1974:18)
    at <anonymous> (C:
\Users\jramos\Desktop\
mold-change-dashboard 
motus\node_modules\.pn
pm\tedious@19.2.1_@azu
re+core-client@1.10.1\
node_modules\tedious\s
rc\connection.ts:1834:
14)
    at process.process
TicksAndRejections (no
de:internal/process/ta
sk_queues:84:11) {
  code: 'ESOCKET',
  originalError: 
ConnectionError: 
Failed to connect to 
:1433 - Could not 
connect (sequence)
      at Connection.wr
apSocketError (C:\User
s\jramos\Desktop\mold-
change-dashboard motus
\node_modules\.pnpm\te
dious@19.2.1_@azure+co
re-client@1.10.1\node_
modules\tedious\src\co
nnection.ts:2387:14)
      at Connection.in
itialiseConnection (C:
\Users\jramos\Desktop\
mold-change-dashboard 
motus\node_modules\.pn
pm\tedious@19.2.1_@azu
re+core-client@1.10.1\
node_modules\tedious\s
rc\connection.ts:2033:
20)
      at process.proce
ssTicksAndRejections (
node:internal/process/
task_queues:103:5) {
    code: 'ESOCKET',
    [cause]: 
AggregateError: Could 
not connect (sequence)
        at 
connectInSequence (C:\
Users\jramos\Desktop\m
old-change-dashboard m
otus\node_modules\.pnp
m\tedious@19.2.1_@azur
e+core-client@1.10.1\n
ode_modules\tedious\sr
c\connector.ts:138:9)
        at process.pro
cessTicksAndRejections
 (node:internal/proces
s/task_queues:103:5)
        at async Conne
ction.connectOnPort (C
:\Users\jramos\Desktop
\mold-change-dashboard
 motus\node_modules\.p
npm\tedious@19.2.1_@az
ure+core-client@1.10.1
\node_modules\tedious\
src\connection.ts:2233
:18)
        at async Conne
ction.initialiseConnec
tion (C:\Users\jramos\
Desktop\mold-change-da
shboard motus\node_mod
ules\.pnpm\tedious@19.
2.1_@azure+core-client
@1.10.1\node_modules\t
edious\src\connection.
ts:2029:18) {
      [errors]: []
    }
  }
}
Database connection 
verification failed:
ConnectionError: 
Failed to connect to 
:1433 - Could not 
connect (sequence)
    at C:\Users\jramos
\Desktop\mold-change-d
ashboard motus\node_mo
dules\.pnpm\mssql@12.2
.0_@azure+core-client@
1.10.1\node_modules\ms
sql\lib\tedious\connec
tion-pool.js:85:17
    at Connection.err 
(C:\Users\jramos\Deskt
op\mold-change-dashboa
rd motus\node_modules\
.pnpm\tedious@19.2.1_@
azure+core-client@1.10
.1\node_modules\tediou
s\src\connection.ts:18
12:9)
    at 
Object.onceWrapper 
(node:events:623:26)
    at 
Connection.emit 
(node:events:508:28)
    at 
Connection.emit (C:\Us
ers\jramos\Desktop\mol
d-change-dashboard mot
us\node_modules\.pnpm\
tedious@19.2.1_@azure+
core-client@1.10.1\nod
e_modules\tedious\src\
connection.ts:1974:18)
    at <anonymous> (C:
\Users\jramos\Desktop\
mold-change-dashboard 
motus\node_modules\.pn
pm\tedious@19.2.1_@azu
re+core-client@1.10.1\
node_modules\tedious\s
rc\connection.ts:1834:
14)
    at process.process
TicksAndRejections (no
de:internal/process/ta
sk_queues:84:11) {
  code: 'ESOCKET',
  originalError: 
ConnectionError: 
Failed to connect to 
:1433 - Could not 
connect (sequence)
      at Connection.wr
apSocketError (C:\User
s\jramos\Desktop\mold-
change-dashboard motus
\node_modules\.pnpm\te
dious@19.2.1_@azure+co
re-client@1.10.1\node_
modules\tedious\src\co
nnection.ts:2387:14)
      at Connection.in
itialiseConnection (C:
\Users\jramos\Desktop\
mold-change-dashboard 
motus\node_modules\.pn
pm\tedious@19.2.1_@azu
re+core-client@1.10.1\
node_modules\tedious\s
rc\connection.ts:2033:
20)
      at process.proce
ssTicksAndRejections (
node:internal/process/
task_queues:103:5) {
    code: 'ESOCKET',
    [cause]: 
AggregateError: Could 
not connect (sequence)
        at 
connectInSequence (C:\
Users\jramos\Desktop\m
old-change-dashboard m
otus\node_modules\.pnp
m\tedious@19.2.1_@azur
e+core-client@1.10.1\n
ode_modules\tedious\sr
c\connector.ts:138:9)
        at process.pro
cessTicksAndRejections
 (node:internal/proces
s/task_queues:103:5)
        at async Conne
ction.connectOnPort (C
:\Users\jramos\Desktop
\mold-change-dashboard
 motus\node_modules\.p
npm\tedious@19.2.1_@az
ure+core-client@1.10.1
\node_modules\tedious\
src\connection.ts:2233
:18)
        at async Conne
ction.initialiseConnec
tion (C:\Users\jramos\
Desktop\mold-change-da
shboard motus\node_mod
ules\.pnpm\tedious@19.
2.1_@azure+core-client
@1.10.1\node_modules\t
edious\src\connection.
ts:2029:18) {
      [errors]: []
    }
  }
}
